// Vitest Snapshot v1, https://vitest.dev/guide/snapshot.html

exports[`route registry (SEO rule: never change a public URL) > legacy URLs are unchanged (update the snapshot ONLY with a 301 in place) 1`] = `
[
  "/",
  "/snagging-services/",
  "/scope-of-work/",
  "/snagging-services-in-dubai/",
  "/snagging-services-in-abudhabi/",
  "/snagging-services-in-sharjah/",
  "/about-us/",
  "/real-estate-agents/",
  "/developers/",
  "/blog/",
  "/sample-report/",
  "/company-profile/",
  "/check-list/",
  "/inspection-tools/",
  "/download-brochure/",
]
`;
